{"timestamp": "2026-09-23T11:28:20.142477", "level": "INFO", "logger": "src.customer_churn_detection.pipeline", "message": "Pipeline started", "event": "pipeline_start", "records": 2}
{"timestamp": "2026-09-23T11:28:20.143020", "level": "INFO", "logger": "src.customer_churn_detection.pipeline", "message": "Step started: ValidateDataStep", "event": "step_start", "records": 2}
{"timestamp": "2026-09-23T11:28:20.143375", "level": "INFO", "logger": "src.customer_churn_detection.pipeline", "message": "Step completed: ValidateDataStep", "event": "step_end", "records": 2, "duration_seconds": 4.369999987829942e-05}
{"timestamp": "2026-09-23T11:28:20.144005", "level": "INFO", "logger": "src.customer_churn_detection.pipeline", "message": "Step started: RemoveMissingValuesStep", "event": "step_start", "records": 2}
{"timestamp": "2026-09-23T11:28:20.144400", "level": "INFO", "logger": "src.customer_churn_detection.pipeline", "message": "Step completed: RemoveMissingValuesStep", "event": "step_end", "records": 1, "duration_seconds": 1.0199999451288022e-05}
{"timestamp": "2026-09-23T11:28:20.144652", "level": "INFO", "logger": "src.customer_churn_detection.pipeline", "message": "Step started: FeatureEngineeringStep", "event": "step_start", "records": 1}
{"timestamp": "2026-09-23T11:28:20.144879", "level": "INFO", "logger": "src.customer_churn_detection.pipeline", "message": "Step completed: FeatureEngineeringStep", "event": "step_end", "records": 1, "duration_seconds": 6.399999620043673e-06}
{"timestamp": "2026-09-23T11:28:20.145127", "level": "INFO", "logger": "src.customer_churn_detection.pipeline", "message": "Pipeline completed", "event": "pipeline_end", "records": 1, "duration_seconds": 0.0032446999994135695}
{"timestamp": "2026-09-23T11:28:20.145598", "level": "INFO", "logger": "src.customer_churn_detection.pipeline", "message": "Pipeline started", "event": "pipeline_start", "records": 2}
{"timestamp": "2026-09-23T11:28:20.145766", "level": "INFO", "logger": "src.customer_churn_detection.pipeline", "message": "Step started: LoadDataStep", "event": "step_start", "records": 2}
{"timestamp": "2026-09-23T11:28:20.145983", "level": "INFO", "logger": "src.customer_churn_detection.pipeline", "message": "Step completed: LoadDataStep", "event": "step_end", "records": 2, "duration_seconds": 1.2999989849049598e-06}
{"timestamp": "2026-09-23T11:28:20.146225", "level": "INFO", "logger": "src.customer_churn_detection.pipeline", "message": "Step started: RemoveMissingValuesStep", "event": "step_start", "records": 2}
{"timestamp": "2026-09-23T11:28:20.146458", "level": "INFO", "logger": "src.customer_churn_detection.pipeline", "message": "Step completed: RemoveMissingValuesStep", "event": "step_end", "records": 1, "duration_seconds": 1.0900001143454574e-05}
{"timestamp": "2026-09-23T11:28:20.146702", "level": "INFO", "logger": "src.customer_churn_detection.pipeline", "message": "Step started: FeatureEngineeringStep", "event": "step_start", "records": 1}
{"timestamp": "2026-09-23T11:28:20.147029", "level": "INFO", "logger": "src.customer_churn_detection.pipeline", "message": "Step completed: FeatureEngineeringStep", "event": "step_end", "records": 1, "duration_seconds": 7.599999662488699e-06}
{"timestamp": "2026-09-23T11:28:20.147302", "level": "INFO", "logger": "src.customer_churn_detection.pipeline", "message": "Pipeline completed", "event": "pipeline_end", "records": 1, "duration_seconds": 0.0016923000002861954}
{"timestamp": "2026-09-23T11:30:13.818969", "level": "INFO", "logger": "src.customer_churn_detection.pipeline", "message": "Pipeline started", "event": "pipeline_start", "records": 1}
{"timestamp": "2026-09-23T11:30:13.819295", "level": "INFO", "logger": "src.customer_churn_detection.pipeline", "message": "Step started: ValidateDataStep", "event": "step_start", "records": 1}
{"timestamp": "2026-09-23T11:30:13.819495", "level": "INFO", "logger": "src.customer_churn_detection.pipeline", "message": "Step completed: ValidateDataStep", "event": "step_end", "records": 1, "duration_seconds": 2.1899999410379678e-05}
{"timestamp": "2026-09-23T11:30:13.819691", "level": "INFO", "logger": "src.customer_churn_detection.pipeline", "message": "Step started: FeatureEngineeringStep", "event": "step_start", "records": 1}
{"timestamp": "2026-09-23T11:30:13.819983", "level": "ERROR", "logger": "src.customer_churn_detection.pipeline", "message": "Pipeline failed", "event": "pipeline_error", "exception": "Traceback (most recent call last):\n  File \"C:\\Users\\knkan\\OneDrive\\Desktop\\task-management-api\\customer_churn\\src\\customer_churn_detection\\steps\\feature_engineering.py\", line 10, in run\n    record[\"tenure\"] * record[\"monthly_charges\"]\n    ~~~~~~~~~~~~~~~~~^~~~~~~~~~~~~~~~~~~~~~~~~~~\nTypeError: can't multiply sequence by non-int of type 'float'\n\nThe above exception was the direct cause of the following exception:\n\nTraceback (most recent call last):\n  File \"C:\\Users\\knkan\\OneDrive\\Desktop\\task-management-api\\customer_churn\\src\\customer_churn_detection\\pipeline.py\", line 41, in run\n    data = step.run(data)\n  File \"C:\\Users\\knkan\\OneDrive\\Desktop\\task-management-api\\customer_churn\\src\\customer_churn_detection\\steps\\feature_engineering.py\", line 14, in run\n    raise ProcessingError(\n    ...<3 lines>...\n    ) from error\nsrc.customer_churn_detection.exceptions.ProcessingError: Feature engineering failed at record 0: could not calculate customer_value because required numeric values are invalid"}
{"timestamp": "2026-09-23T11:30:13.839913", "level": "ERROR", "logger": "__main__", "message": "Deliberately failed pipeline run", "event": "intentional_failure", "exception": "Traceback (most recent call last):\n  File \"C:\\Users\\knkan\\OneDrive\\Desktop\\task-management-api\\customer_churn\\src\\customer_churn_detection\\steps\\feature_engineering.py\", line 10, in run\n    record[\"tenure\"] * record[\"monthly_charges\"]\n    ~~~~~~~~~~~~~~~~~^~~~~~~~~~~~~~~~~~~~~~~~~~~\nTypeError: can't multiply sequence by non-int of type 'float'\n\nThe above exception was the direct cause of the following exception:\n\nTraceback (most recent call last):\n  File \"C:\\Users\\knkan\\OneDrive\\Desktop\\task-management-api\\customer_churn\\scripts\\day7_failed_run.py\", line 31, in <module>\n    pipeline.run(data)\n    ~~~~~~~~~~~~^^^^^^\n  File \"C:\\Users\\knkan\\OneDrive\\Desktop\\task-management-api\\customer_churn\\src\\customer_churn_detection\\decorators.py\", line 10, in wrapper\n    result = func(*args, **kwargs)\n  File \"C:\\Users\\knkan\\OneDrive\\Desktop\\task-management-api\\customer_churn\\src\\customer_churn_detection\\pipeline.py\", line 41, in run\n    data = step.run(data)\n  File \"C:\\Users\\knkan\\OneDrive\\Desktop\\task-management-api\\customer_churn\\src\\customer_churn_detection\\steps\\feature_engineering.py\", line 14, in run\n    raise ProcessingError(\n    ...<3 lines>...\n    ) from error\nsrc.customer_churn_detection.exceptions.ProcessingError: Feature engineering failed at record 0: could not calculate customer_value because required numeric values are invalid"}
{"timestamp": "2026-09-23T11:31:22.733525", "level": "INFO", "logger": "src.customer_churn_detection.pipeline", "message": "Pipeline started", "event": "pipeline_start", "records": 2}
{"timestamp": "2026-09-23T11:31:22.734241", "level": "INFO", "logger": "src.customer_churn_detection.pipeline", "message": "Step started: ValidateDataStep", "event": "step_start", "records": 2}
{"timestamp": "2026-09-23T11:31:22.734509", "level": "INFO", "logger": "src.customer_churn_detection.pipeline", "message": "Step completed: ValidateDataStep", "event": "step_end", "records": 2, "duration_seconds": 2.970000059576705e-05}
{"timestamp": "2026-09-23T11:31:22.734710", "level": "INFO", "logger": "src.customer_churn_detection.pipeline", "message": "Step started: RemoveMissingValuesStep", "event": "step_start", "records": 2}
{"timestamp": "2026-09-23T11:31:22.734913", "level": "INFO", "logger": "src.customer_churn_detection.pipeline", "message": "Step completed: RemoveMissingValuesStep", "event": "step_end", "records": 1, "duration_seconds": 1.2599999536178075e-05}
{"timestamp": "2026-09-23T11:31:22.735209", "level": "INFO", "logger": "src.customer_churn_detection.pipeline", "message": "Step started: FeatureEngineeringStep", "event": "step_start", "records": 1}
{"timestamp": "2026-09-23T11:31:22.735420", "level": "INFO", "logger": "src.customer_churn_detection.pipeline", "message": "Step completed: FeatureEngineeringStep", "event": "step_end", "records": 1, "duration_seconds": 6.70000008540228e-06}
{"timestamp": "2026-09-23T11:31:22.735648", "level": "INFO", "logger": "src.customer_churn_detection.pipeline", "message": "Pipeline completed", "event": "pipeline_end", "records": 1, "duration_seconds": 0.0021795000011479715}
{"timestamp": "2026-09-23T11:31:22.736098", "level": "INFO", "logger": "src.customer_churn_detection.pipeline", "message": "Pipeline started", "event": "pipeline_start", "records": 2}
{"timestamp": "2026-09-23T11:31:22.736332", "level": "INFO", "logger": "src.customer_churn_detection.pipeline", "message": "Step started: LoadDataStep", "event": "step_start", "records": 2}
{"timestamp": "2026-09-23T11:31:22.736537", "level": "INFO", "logger": "src.customer_churn_detection.pipeline", "message": "Step completed: LoadDataStep", "event": "step_end", "records": 2, "duration_seconds": 2.0000006770715117e-06}
{"timestamp": "2026-09-23T11:31:22.736772", "level": "INFO", "logger": "src.customer_churn_detection.pipeline", "message": "Step started: RemoveMissingValuesStep", "event": "step_start", "records": 2}
{"timestamp": "2026-09-23T11:31:22.737049", "level": "INFO", "logger": "src.customer_churn_detection.pipeline", "message": "Step completed: RemoveMissingValuesStep", "event": "step_end", "records": 1, "duration_seconds": 9.100000170292333e-06}
{"timestamp": "2026-09-23T11:31:22.737297", "level": "INFO", "logger": "src.customer_churn_detection.pipeline", "message": "Step started: FeatureEngineeringStep", "event": "step_start", "records": 1}
{"timestamp": "2026-09-23T11:31:22.737542", "level": "INFO", "logger": "src.customer_churn_detection.pipeline", "message": "Step completed: FeatureEngineeringStep", "event": "step_end", "records": 1, "duration_seconds": 7.200000254670158e-06}
{"timestamp": "2026-09-23T11:31:22.737813", "level": "INFO", "logger": "src.customer_churn_detection.pipeline", "message": "Pipeline completed", "event": "pipeline_end", "records": 1, "duration_seconds": 0.0017133999990619486}
